--- Start BURT header
Time:     Thu Jul 22 16:33:47 2010
Login ID: mooney (Tim Mooney)
Eff  UID: 597
Group ID: 104
Keywords: 
Comments: 
Type:     Absolute
Directory /home/oxygen4/MOONEY/epics/synAppsSVN/support/softGlue/softGlueApp/Db
Req File: softGlue.req
--- End BURT header
morel:softGlue:ReadRate.SCAN 1 Passive
morel:softGlue:AND-1_IN1_Signal 1 \0
morel:softGlue:AND-1_IN2_Signal 1 \0
morel:softGlue:AND-1_OUT_Signal 1 \0
morel:softGlue:AND-2_IN1_Signal 1 \0
morel:softGlue:AND-2_IN2_Signal 1 \0
morel:softGlue:AND-2_OUT_Signal 1 \0
morel:softGlue:AND-3_IN1_Signal 1 \0
morel:softGlue:AND-3_IN2_Signal 1 \0
morel:softGlue:AND-3_OUT_Signal 1 \0
morel:softGlue:AND-4_IN1_Signal 1 \0
morel:softGlue:AND-4_IN2_Signal 1 \0
morel:softGlue:AND-4_OUT_Signal 1 \0
morel:softGlue:OR-1_IN1_Signal 1 \0
morel:softGlue:OR-1_IN2_Signal 1 \0
morel:softGlue:OR-1_OUT_Signal 1 \0
morel:softGlue:OR-2_IN1_Signal 1 \0
morel:softGlue:OR-2_IN2_Signal 1 \0
morel:softGlue:OR-2_OUT_Signal 1 \0
morel:softGlue:OR-3_IN1_Signal 1 \0
morel:softGlue:OR-3_IN2_Signal 1 \0
morel:softGlue:OR-3_OUT_Signal 1 \0
morel:softGlue:OR-4_IN1_Signal 1 \0
morel:softGlue:OR-4_IN2_Signal 1 \0
morel:softGlue:OR-4_OUT_Signal 1 \0
morel:softGlue:XOR-1_IN1_Signal 1 \0
morel:softGlue:XOR-1_IN2_Signal 1 \0
morel:softGlue:XOR-1_OUT_Signal 1 \0
morel:softGlue:XOR-2_IN1_Signal 1 \0
morel:softGlue:XOR-2_IN2_Signal 1 \0
morel:softGlue:XOR-2_OUT_Signal 1 \0
morel:softGlue:BUFFER-1_IN_Signal 1 \0
morel:softGlue:BUFFER-1_OUT_Signal 1 \0
morel:softGlue:BUFFER-2_IN_Signal 1 \0
morel:softGlue:BUFFER-2_OUT_Signal 1 \0
morel:softGlue:BUFFER-3_IN_Signal 1 \0
morel:softGlue:BUFFER-3_OUT_Signal 1 \0
morel:softGlue:BUFFER-4_IN_Signal 1 \0
morel:softGlue:BUFFER-4_OUT_Signal 1 \0
morel:softGlue:DEMUX2-1_IN_Signal 1 \0
morel:softGlue:DEMUX2-1_OUT0_Signal 1 \0
morel:softGlue:DEMUX2-1_OUT1_Signal 1 \0
morel:softGlue:DEMUX2-1_SEL_Signal 1 \0
morel:softGlue:DEMUX2-2_IN_Signal 1 \0
morel:softGlue:DEMUX2-2_OUT0_Signal 1 \0
morel:softGlue:DEMUX2-2_OUT1_Signal 1 \0
morel:softGlue:DEMUX2-2_SEL_Signal 1 \0
morel:softGlue:DFF-1_CLEAR_Signal 1 \0
morel:softGlue:DFF-1_CLOCK_Signal 1 \0
morel:softGlue:DFF-1_D_Signal 1 \0
morel:softGlue:DFF-1_OUT_Signal 1 \0
morel:softGlue:DFF-1_SET_Signal 1 \0
morel:softGlue:DFF-2_CLEAR_Signal 1 \0
morel:softGlue:DFF-2_CLOCK_Signal 1 \0
morel:softGlue:DFF-2_D_Signal 1 \0
morel:softGlue:DFF-2_OUT_Signal 1 \0
morel:softGlue:DFF-2_SET_Signal 1 \0
morel:softGlue:DFF-3_CLEAR_Signal 1 \0
morel:softGlue:DFF-3_CLOCK_Signal 1 \0
morel:softGlue:DFF-3_D_Signal 1 \0
morel:softGlue:DFF-3_OUT_Signal 1 \0
morel:softGlue:DFF-3_SET_Signal 1 \0
morel:softGlue:DFF-4_CLEAR_Signal 1 \0
morel:softGlue:DFF-4_CLOCK_Signal 1 \0
morel:softGlue:DFF-4_D_Signal 1 \0
morel:softGlue:DFF-4_OUT_Signal 1 \0
morel:softGlue:DFF-4_SET_Signal 1 \0
morel:softGlue:DivByN-1_CLOCK_Signal 1 \0
morel:softGlue:DivByN-1_ENABLE_Signal 1 \0
morel:softGlue:DivByN-1_OUT_Signal 1 \0
morel:softGlue:DivByN-1_RESET_Signal 1 \0
morel:softGlue:DivByN-1_N 1 0
morel:softGlue:DivByN-2_CLOCK_Signal 1 \0
morel:softGlue:DivByN-2_ENABLE_Signal 1 \0
morel:softGlue:DivByN-2_OUT_Signal 1 \0
morel:softGlue:DivByN-2_RESET_Signal 1 \0
morel:softGlue:DivByN-2_N 1 0
morel:softGlue:DivByN-3_CLOCK_Signal 1 \0
morel:softGlue:DivByN-3_ENABLE_Signal 1 \0
morel:softGlue:DivByN-3_OUT_Signal 1 \0
morel:softGlue:DivByN-3_RESET_Signal 1 \0
morel:softGlue:DivByN-3_N 1 0
morel:softGlue:DivByN-4_CLOCK_Signal 1 \0
morel:softGlue:DivByN-4_ENABLE_Signal 1 \0
morel:softGlue:DivByN-4_OUT_Signal 1 \0
morel:softGlue:DivByN-4_RESET_Signal 1 \0
morel:softGlue:DivByN-4_N 1 0
morel:softGlue:DnCntr-1_CLOCK_Signal 1 \0
morel:softGlue:DnCntr-1_ENABLE_Signal 1 \0
morel:softGlue:DnCntr-1_LOAD_Signal 1 \0
morel:softGlue:DnCntr-1_OUT_Signal 1 \0
morel:softGlue:DnCntr-1_PRESET 1 0
morel:softGlue:DnCntr-2_CLOCK_Signal 1 \0
morel:softGlue:DnCntr-2_ENABLE_Signal 1 \0
morel:softGlue:DnCntr-2_LOAD_Signal 1 \0
morel:softGlue:DnCntr-2_OUT_Signal 1 \0
morel:softGlue:DnCntr-2_PRESET 1 0
morel:softGlue:DnCntr-3_CLOCK_Signal 1 \0
morel:softGlue:DnCntr-3_ENABLE_Signal 1 \0
morel:softGlue:DnCntr-3_LOAD_Signal 1 \0
morel:softGlue:DnCntr-3_OUT_Signal 1 \0
morel:softGlue:DnCntr-3_PRESET 1 0
morel:softGlue:DnCntr-4_CLOCK_Signal 1 \0
morel:softGlue:DnCntr-4_ENABLE_Signal 1 \0
morel:softGlue:DnCntr-4_LOAD_Signal 1 \0
morel:softGlue:DnCntr-4_OUT_Signal 1 \0
morel:softGlue:DnCntr-4_PRESET 1 0
morel:softGlue:MUX2-1_IN0_Signal 1 \0
morel:softGlue:MUX2-1_IN1_Signal 1 \0
morel:softGlue:MUX2-1_OUT_Signal 1 \0
morel:softGlue:MUX2-1_SEL_Signal 1 \0
morel:softGlue:MUX2-2_IN0_Signal 1 \0
morel:softGlue:MUX2-2_IN1_Signal 1 \0
morel:softGlue:MUX2-2_OUT_Signal 1 \0
morel:softGlue:MUX2-2_SEL_Signal 1 \0
morel:softGlue:UpCntr-1_CLEAR_Signal 1 \0
morel:softGlue:UpCntr-1_CLOCK_Signal 1 \0
morel:softGlue:UpCntr-1_ENABLE_Signal 1 \0
morel:softGlue:UpCntr-2_CLEAR_Signal 1 \0
morel:softGlue:UpCntr-2_CLOCK_Signal 1 \0
morel:softGlue:UpCntr-2_ENABLE_Signal 1 \0
morel:softGlue:UpCntr-3_CLEAR_Signal 1 \0
morel:softGlue:UpCntr-3_CLOCK_Signal 1 \0
morel:softGlue:UpCntr-3_ENABLE_Signal 1 \0
morel:softGlue:UpCntr-4_CLEAR_Signal 1 \0
morel:softGlue:UpCntr-4_CLOCK_Signal 1 \0
morel:softGlue:UpCntr-4_ENABLE_Signal 1 \0
morel:softGlue:8MHZ_CLOCK_Signal 1 \0
morel:softGlue:FI1_Signal 1 \0
morel:softGlue:FI2_Signal 1 \0
morel:softGlue:FI3_Signal 1 \0
morel:softGlue:FI4_Signal 1 \0
morel:softGlue:FI5_Signal 1 \0
morel:softGlue:FI6_Signal 1 \0
morel:softGlue:FI7_Signal 1 \0
morel:softGlue:FI8_Signal 1 \0
morel:softGlue:FI9_Signal 1 \0
morel:softGlue:FI10_Signal 1 \0
morel:softGlue:FI11_Signal 1 \0
morel:softGlue:FI12_Signal 1 \0
morel:softGlue:FI13_Signal 1 \0
morel:softGlue:FI14_Signal 1 \0
morel:softGlue:FI15_Signal 1 \0
morel:softGlue:FI16_Signal 1 \0
morel:softGlue:FI17_Signal 1 \0
morel:softGlue:FI18_Signal 1 \0
morel:softGlue:FI19_Signal 1 \0
morel:softGlue:FI20_Signal 1 \0
morel:softGlue:FI21_Signal 1 \0
morel:softGlue:FI22_Signal 1 \0
morel:softGlue:FI23_Signal 1 \0
morel:softGlue:FI24_Signal 1 \0
morel:softGlue:FI25_Signal 1 \0
morel:softGlue:FI26_Signal 1 \0
morel:softGlue:FI27_Signal 1 \0
morel:softGlue:FI28_Signal 1 \0
morel:softGlue:FI29_Signal 1 \0
morel:softGlue:FI30_Signal 1 \0
morel:softGlue:FI31_Signal 1 \0
morel:softGlue:FI32_Signal 1 \0
morel:softGlue:FI33_Signal 1 \0
morel:softGlue:FI34_Signal 1 \0
morel:softGlue:FI35_Signal 1 \0
morel:softGlue:FI36_Signal 1 \0
morel:softGlue:FI37_Signal 1 \0
morel:softGlue:FI38_Signal 1 \0
morel:softGlue:FI39_Signal 1 \0
morel:softGlue:FI40_Signal 1 \0
morel:softGlue:FI41_Signal 1 \0
morel:softGlue:FI42_Signal 1 \0
morel:softGlue:FI43_Signal 1 \0
morel:softGlue:FI44_Signal 1 \0
morel:softGlue:FI45_Signal 1 \0
morel:softGlue:FI46_Signal 1 \0
morel:softGlue:FI47_Signal 1 \0
morel:softGlue:FI48_Signal 1 \0
morel:softGlue:FO1_Signal 1 \0
morel:softGlue:FO2_Signal 1 \0
morel:softGlue:FO3_Signal 1 \0
morel:softGlue:FO4_Signal 1 \0
morel:softGlue:FO5_Signal 1 \0
morel:softGlue:FO6_Signal 1 \0
morel:softGlue:FO7_Signal 1 \0
morel:softGlue:FO8_Signal 1 \0
morel:softGlue:FO9_Signal 1 \0
morel:softGlue:FO10_Signal 1 \0
morel:softGlue:FO11_Signal 1 \0
morel:softGlue:FO12_Signal 1 \0
morel:softGlue:FO13_Signal 1 \0
morel:softGlue:FO14_Signal 1 \0
morel:softGlue:FO15_Signal 1 \0
morel:softGlue:FO16_Signal 1 \0
morel:softGlue:FO17_Signal 1 \0
morel:softGlue:FO18_Signal 1 \0
morel:softGlue:FO19_Signal 1 \0
morel:softGlue:FO20_Signal 1 \0
morel:softGlue:FO21_Signal 1 \0
morel:softGlue:FO22_Signal 1 \0
morel:softGlue:FO23_Signal 1 \0
morel:softGlue:FO24_Signal 1 \0
morel:softGlue:FO25_Signal 1 \0
morel:softGlue:FO26_Signal 1 \0
morel:softGlue:FO27_Signal 1 \0
morel:softGlue:FO28_Signal 1 \0
morel:softGlue:FO29_Signal 1 \0
morel:softGlue:FO30_Signal 1 \0
morel:softGlue:FO31_Signal 1 \0
morel:softGlue:FO32_Signal 1 \0
morel:softGlue:FO33_Signal 1 \0
morel:softGlue:FO34_Signal 1 \0
morel:softGlue:FO35_Signal 1 \0
morel:softGlue:FO36_Signal 1 \0
morel:softGlue:FO37_Signal 1 \0
morel:softGlue:FO38_Signal 1 \0
morel:softGlue:FO39_Signal 1 \0
morel:softGlue:FO40_Signal 1 \0
morel:softGlue:FO41_Signal 1 \0
morel:softGlue:FO42_Signal 1 \0
morel:softGlue:FO43_Signal 1 \0
morel:softGlue:FO44_Signal 1 \0
morel:softGlue:FO45_Signal 1 \0
morel:softGlue:FO46_Signal 1 \0
morel:softGlue:FO47_Signal 1 \0
morel:softGlue:FO48_Signal 1 \0
morel:softGlue:In_1Do.OUT 1 \0
morel:softGlue:In_2Do.OUT 1 \0
morel:softGlue:In_3Do.OUT 1 \0
morel:softGlue:In_4Do.OUT 1 \0
morel:softGlue:In_5Do.OUT 1 \0
morel:softGlue:In_6Do.OUT 1 \0
morel:softGlue:In_7Do.OUT 1 \0
morel:softGlue:In_8Do.OUT 1 \0
morel:softGlue:In_9Do.OUT 1 \0
morel:softGlue:In_10Do.OUT 1 \0
morel:softGlue:In_11Do.OUT 1 \0
morel:softGlue:In_12Do.OUT 1 \0
morel:softGlue:In_13Do.OUT 1 \0
morel:softGlue:In_14Do.OUT 1 \0
morel:softGlue:In_15Do.OUT 1 \0
morel:softGlue:In_16Do.OUT 1 \0
morel:softGlue:In_17Do.OUT 1 \0
morel:softGlue:In_18Do.OUT 1 \0
morel:softGlue:In_19Do.OUT 1 \0
morel:softGlue:In_20Do.OUT 1 \0
morel:softGlue:In_21Do.OUT 1 \0
morel:softGlue:In_22Do.OUT 1 \0
morel:softGlue:In_23Do.OUT 1 \0
morel:softGlue:In_24Do.OUT 1 \0
morel:softGlue:In_25Do.OUT 1 \0
morel:softGlue:In_26Do.OUT 1 \0
morel:softGlue:In_27Do.OUT 1 \0
morel:softGlue:In_28Do.OUT 1 \0
morel:softGlue:In_29Do.OUT 1 \0
morel:softGlue:In_30Do.OUT 1 \0
morel:softGlue:In_31Do.OUT 1 \0
morel:softGlue:In_32Do.OUT 1 \0
morel:softGlue:In_33Do.OUT 1 \0
morel:softGlue:In_34Do.OUT 1 \0
morel:softGlue:In_35Do.OUT 1 \0
morel:softGlue:In_36Do.OUT 1 \0
morel:softGlue:In_37Do.OUT 1 \0
morel:softGlue:In_38Do.OUT 1 \0
morel:softGlue:In_39Do.OUT 1 \0
morel:softGlue:In_40Do.OUT 1 \0
morel:softGlue:In_41Do.OUT 1 \0
morel:softGlue:In_42Do.OUT 1 \0
morel:softGlue:In_43Do.OUT 1 \0
morel:softGlue:In_44Do.OUT 1 \0
morel:softGlue:In_45Do.OUT 1 \0
morel:softGlue:In_46Do.OUT 1 \0
morel:softGlue:In_47Do.OUT 1 \0
morel:softGlue:In_48Do.OUT 1 \0
morel:softGlue:In_1IntEdge 1 None
morel:softGlue:In_2IntEdge 1 None
morel:softGlue:In_3IntEdge 1 None
morel:softGlue:In_4IntEdge 1 None
morel:softGlue:In_5IntEdge 1 None
morel:softGlue:In_6IntEdge 1 None
morel:softGlue:In_7IntEdge 1 None
morel:softGlue:In_8IntEdge 1 None
morel:softGlue:In_9IntEdge 1 None
morel:softGlue:In_10IntEdge 1 None
morel:softGlue:In_11IntEdge 1 None
morel:softGlue:In_12IntEdge 1 None
morel:softGlue:In_13IntEdge 1 None
morel:softGlue:In_14IntEdge 1 None
morel:softGlue:In_15IntEdge 1 None
morel:softGlue:In_16IntEdge 1 Both
morel:softGlue:In_17IntEdge 1 None
morel:softGlue:In_18IntEdge 1 None
morel:softGlue:In_19IntEdge 1 None
morel:softGlue:In_20IntEdge 1 None
morel:softGlue:In_21IntEdge 1 None
morel:softGlue:In_22IntEdge 1 None
morel:softGlue:In_23IntEdge 1 None
morel:softGlue:In_24IntEdge 1 None
morel:softGlue:In_25IntEdge 1 None
morel:softGlue:In_26IntEdge 1 None
morel:softGlue:In_27IntEdge 1 None
morel:softGlue:In_28IntEdge 1 None
morel:softGlue:In_29IntEdge 1 None
morel:softGlue:In_30IntEdge 1 None
morel:softGlue:In_31IntEdge 1 None
morel:softGlue:In_32IntEdge 1 None
morel:softGlue:In_33IntEdge 1 None
morel:softGlue:In_34IntEdge 1 None
morel:softGlue:In_35IntEdge 1 None
morel:softGlue:In_36IntEdge 1 None
morel:softGlue:In_37IntEdge 1 None
morel:softGlue:In_38IntEdge 1 None
morel:softGlue:In_39IntEdge 1 None
morel:softGlue:In_40IntEdge 1 None
morel:softGlue:In_41IntEdge 1 None
morel:softGlue:In_42IntEdge 1 None
morel:softGlue:In_43IntEdge 1 None
morel:softGlue:In_44IntEdge 1 None
morel:softGlue:In_45IntEdge 1 None
morel:softGlue:In_46IntEdge 1 None
morel:softGlue:In_47IntEdge 1 None
morel:softGlue:In_48IntEdge 1 None
morel:softGlue:pollTimeMS 1 1000
morel:softGlue:busy1.OUT 1 \0
morel:softGlue:busy1.FLNK 1 \0
morel:softGlue:busy2.OUT 1 \0
morel:softGlue:busy2.FLNK 1 \0
morel:softGlue:pulseOut.OUT 1 \0
morel:softGlue:npulseOut.OUT 1 \0
morel:softGlue:clock1.OUT 1 \0
morel:softGlue:clock1.SCAN 1 Passive
morel:softGlue:clock2.OUT 1 \0
morel:softGlue:clock2.SCAN 1 Passive
morel:softGlue:sseq1.SCAN 1 Passive
morel:softGlue:sseq1.DESC 1 \0
morel:softGlue:sseq1.DLY1 1 \0
morel:softGlue:sseq1.DOL1 1 \0
morel:softGlue:sseq1.STR1 1 \0
morel:softGlue:sseq1.DO1 1 \0
morel:softGlue:sseq1.LNK1 1 \0
morel:softGlue:sseq1.WAIT1 1 NoWait
morel:softGlue:sseq1.DLY2 1 \0
morel:softGlue:sseq1.DOL2 1 \0
morel:softGlue:sseq1.STR2 1 \0
morel:softGlue:sseq1.DO2 1 \0
morel:softGlue:sseq1.LNK2 1 \0
morel:softGlue:sseq1.WAIT2 1 NoWait
morel:softGlue:sseq1.DLY3 1 \0
morel:softGlue:sseq1.DOL3 1 \0
morel:softGlue:sseq1.STR3 1 \0
morel:softGlue:sseq1.DO3 1 \0
morel:softGlue:sseq1.LNK3 1 \0
morel:softGlue:sseq1.WAIT3 1 NoWait
morel:softGlue:sseq1.DLY4 1 \0
morel:softGlue:sseq1.DOL4 1 \0
morel:softGlue:sseq1.STR4 1 \0
morel:softGlue:sseq1.DO4 1 \0
morel:softGlue:sseq1.LNK4 1 \0
morel:softGlue:sseq1.WAIT4 1 NoWait
morel:softGlue:sseq1.DLY5 1 \0
morel:softGlue:sseq1.DOL5 1 \0
morel:softGlue:sseq1.STR5 1 \0
morel:softGlue:sseq1.DO5 1 \0
morel:softGlue:sseq1.LNK5 1 \0
morel:softGlue:sseq1.WAIT5 1 NoWait
morel:softGlue:sseq1.DLY6 1 \0
morel:softGlue:sseq1.DOL6 1 \0
morel:softGlue:sseq1.STR6 1 \0
morel:softGlue:sseq1.DO6 1 \0
morel:softGlue:sseq1.LNK6 1 \0
morel:softGlue:sseq1.WAIT6 1 NoWait
morel:softGlue:sseq1.DLY7 1 \0
morel:softGlue:sseq1.DOL7 1 \0
morel:softGlue:sseq1.STR7 1 \0
morel:softGlue:sseq1.DO7 1 \0
morel:softGlue:sseq1.LNK7 1 \0
morel:softGlue:sseq1.WAIT7 1 NoWait
morel:softGlue:sseq1.DLY8 1 \0
morel:softGlue:sseq1.DOL8 1 \0
morel:softGlue:sseq1.STR8 1 \0
morel:softGlue:sseq1.DO8 1 \0
morel:softGlue:sseq1.LNK8 1 \0
morel:softGlue:sseq1.WAIT8 1 NoWait
morel:softGlue:sseq1.DLY9 1 \0
morel:softGlue:sseq1.DOL9 1 \0
morel:softGlue:sseq1.STR9 1 \0
morel:softGlue:sseq1.DO9 1 \0
morel:softGlue:sseq1.LNK9 1 \0
morel:softGlue:sseq1.WAIT9 1 NoWait
morel:softGlue:sseq1.DLYA 1 \0
morel:softGlue:sseq1.DOLA 1 \0
morel:softGlue:sseq1.STRA 1 \0
morel:softGlue:sseq1.DOA 1 \0
morel:softGlue:sseq1.LNKA 1 \0
morel:softGlue:sseq1.WAITA 1 NoWait
morel:softGlue:sseq1.FLNK 1 \0
morel:softGlue:sseq2.SCAN 1 Passive
morel:softGlue:sseq2.DESC 1 \0
morel:softGlue:sseq2.DLY1 1 \0
morel:softGlue:sseq2.DOL1 1 \0
morel:softGlue:sseq2.STR1 1 \0
morel:softGlue:sseq2.DO1 1 \0
morel:softGlue:sseq2.LNK1 1 \0
morel:softGlue:sseq2.WAIT1 1 NoWait
morel:softGlue:sseq2.DLY2 1 \0
morel:softGlue:sseq2.DOL2 1 \0
morel:softGlue:sseq2.STR2 1 \0
morel:softGlue:sseq2.DO2 1 \0
morel:softGlue:sseq2.LNK2 1 \0
morel:softGlue:sseq2.WAIT2 1 NoWait
morel:softGlue:sseq2.DLY3 1 \0
morel:softGlue:sseq2.DOL3 1 \0
morel:softGlue:sseq2.STR3 1 \0
morel:softGlue:sseq2.DO3 1 \0
morel:softGlue:sseq2.LNK3 1 \0
morel:softGlue:sseq2.WAIT3 1 NoWait
morel:softGlue:sseq2.DLY4 1 \0
morel:softGlue:sseq2.DOL4 1 \0
morel:softGlue:sseq2.STR4 1 \0
morel:softGlue:sseq2.DO4 1 \0
morel:softGlue:sseq2.LNK4 1 \0
morel:softGlue:sseq2.WAIT4 1 NoWait
morel:softGlue:sseq2.DLY5 1 \0
morel:softGlue:sseq2.DOL5 1 \0
morel:softGlue:sseq2.STR5 1 \0
morel:softGlue:sseq2.DO5 1 \0
morel:softGlue:sseq2.LNK5 1 \0
morel:softGlue:sseq2.WAIT5 1 NoWait
morel:softGlue:sseq2.DLY6 1 \0
morel:softGlue:sseq2.DOL6 1 \0
morel:softGlue:sseq2.STR6 1 \0
morel:softGlue:sseq2.DO6 1 \0
morel:softGlue:sseq2.LNK6 1 \0
morel:softGlue:sseq2.WAIT6 1 NoWait
morel:softGlue:sseq2.DLY7 1 \0
morel:softGlue:sseq2.DOL7 1 \0
morel:softGlue:sseq2.STR7 1 \0
morel:softGlue:sseq2.DO7 1 \0
morel:softGlue:sseq2.LNK7 1 \0
morel:softGlue:sseq2.WAIT7 1 NoWait
morel:softGlue:sseq2.DLY8 1 \0
morel:softGlue:sseq2.DOL8 1 \0
morel:softGlue:sseq2.STR8 1 \0
morel:softGlue:sseq2.DO8 1 \0
morel:softGlue:sseq2.LNK8 1 \0
morel:softGlue:sseq2.WAIT8 1 NoWait
morel:softGlue:sseq2.DLY9 1 \0
morel:softGlue:sseq2.DOL9 1 \0
morel:softGlue:sseq2.STR9 1 \0
morel:softGlue:sseq2.DO9 1 \0
morel:softGlue:sseq2.LNK9 1 \0
morel:softGlue:sseq2.WAIT9 1 NoWait
morel:softGlue:sseq2.DLYA 1 \0
morel:softGlue:sseq2.DOLA 1 \0
morel:softGlue:sseq2.STRA 1 \0
morel:softGlue:sseq2.DOA 1 \0
morel:softGlue:sseq2.LNKA 1 \0
morel:softGlue:sseq2.WAITA 1 NoWait
morel:softGlue:sseq2.FLNK 1 \0
